Archive member included to satisfy reference by file (symbol)

c:/program files/microchip/xc8/v2.36/avr/bin/../lib/gcc/avr/5.4.0/../../../../avr/lib/avr5/memx-const\libm.a(divsf3.o)
                              APP/App.o (__divsf3)
c:/program files/microchip/xc8/v2.36/avr/bin/../lib/gcc/avr/5.4.0/../../../../avr/lib/avr5/memx-const\libm.a(divsf3x.o)
                              c:/program files/microchip/xc8/v2.36/avr/bin/../lib/gcc/avr/5.4.0/../../../../avr/lib/avr5/memx-const\libm.a(divsf3.o) (__divsf3x)
c:/program files/microchip/xc8/v2.36/avr/bin/../lib/gcc/avr/5.4.0/../../../../avr/lib/avr5/memx-const\libm.a(fixsfsi.o)
                              APP/App.o (__fixsfsi)
c:/program files/microchip/xc8/v2.36/avr/bin/../lib/gcc/avr/5.4.0/../../../../avr/lib/avr5/memx-const\libm.a(fixunssfsi.o)
                              c:/program files/microchip/xc8/v2.36/avr/bin/../lib/gcc/avr/5.4.0/../../../../avr/lib/avr5/memx-const\libm.a(fixsfsi.o) (__fixunssfsi)
c:/program files/microchip/xc8/v2.36/avr/bin/../lib/gcc/avr/5.4.0/../../../../avr/lib/avr5/memx-const\libm.a(floatundisf.o)
                              APP/App.o (__floatundisf)
c:/program files/microchip/xc8/v2.36/avr/bin/../lib/gcc/avr/5.4.0/../../../../avr/lib/avr5/memx-const\libm.a(fp_inf.o)
                              c:/program files/microchip/xc8/v2.36/avr/bin/../lib/gcc/avr/5.4.0/../../../../avr/lib/avr5/memx-const\libm.a(divsf3x.o) (__fp_inf)
c:/program files/microchip/xc8/v2.36/avr/bin/../lib/gcc/avr/5.4.0/../../../../avr/lib/avr5/memx-const\libm.a(fp_nan.o)
                              c:/program files/microchip/xc8/v2.36/avr/bin/../lib/gcc/avr/5.4.0/../../../../avr/lib/avr5/memx-const\libm.a(divsf3x.o) (__fp_nan)
c:/program files/microchip/xc8/v2.36/avr/bin/../lib/gcc/avr/5.4.0/../../../../avr/lib/avr5/memx-const\libm.a(fp_pscA.o)
                              c:/program files/microchip/xc8/v2.36/avr/bin/../lib/gcc/avr/5.4.0/../../../../avr/lib/avr5/memx-const\libm.a(divsf3x.o) (__fp_pscA)
c:/program files/microchip/xc8/v2.36/avr/bin/../lib/gcc/avr/5.4.0/../../../../avr/lib/avr5/memx-const\libm.a(fp_pscB.o)
                              c:/program files/microchip/xc8/v2.36/avr/bin/../lib/gcc/avr/5.4.0/../../../../avr/lib/avr5/memx-const\libm.a(divsf3x.o) (__fp_pscB)
c:/program files/microchip/xc8/v2.36/avr/bin/../lib/gcc/avr/5.4.0/../../../../avr/lib/avr5/memx-const\libm.a(fp_round.o)
                              c:/program files/microchip/xc8/v2.36/avr/bin/../lib/gcc/avr/5.4.0/../../../../avr/lib/avr5/memx-const\libm.a(divsf3.o) (__fp_round)
c:/program files/microchip/xc8/v2.36/avr/bin/../lib/gcc/avr/5.4.0/../../../../avr/lib/avr5/memx-const\libm.a(fp_split3.o)
                              c:/program files/microchip/xc8/v2.36/avr/bin/../lib/gcc/avr/5.4.0/../../../../avr/lib/avr5/memx-const\libm.a(divsf3x.o) (__fp_split3)
c:/program files/microchip/xc8/v2.36/avr/bin/../lib/gcc/avr/5.4.0/../../../../avr/lib/avr5/memx-const\libm.a(fp_zero.o)
                              c:/program files/microchip/xc8/v2.36/avr/bin/../lib/gcc/avr/5.4.0/../../../../avr/lib/avr5/memx-const\libm.a(fixunssfsi.o) (__fp_zero)
c:/program files/microchip/xc8/v2.36/avr/bin/../lib/gcc/avr/5.4.0/../../../../avr/lib/avr5/memx-const\libm.a(mulsf3.o)
                              APP/App.o (__mulsf3)
c:/program files/microchip/xc8/v2.36/avr/bin/../lib/gcc/avr/5.4.0/../../../../avr/lib/avr5/memx-const\libm.a(mulsf3x.o)
                              c:/program files/microchip/xc8/v2.36/avr/bin/../lib/gcc/avr/5.4.0/../../../../avr/lib/avr5/memx-const\libm.a(mulsf3.o) (__mulsf3x)
c:/program files/microchip/xc8/v2.36/avr/bin/../lib/gcc/avr/5.4.0/avr5/memx-const\libgcc.a(_divmodhi4.o)
                              MCAL/PWM0/PWM0_program.o (__divmodhi4)
c:/program files/microchip/xc8/v2.36/avr/bin/../lib/gcc/avr/5.4.0/avr5/memx-const\libgcc.a(_tablejump2.o)
                              HAL/GLCD/GLCD.o (__tablejump2__)
c:/program files/microchip/xc8/v2.36/avr/bin/../lib/gcc/avr/5.4.0/avr5/memx-const\libgcc.a(_copy_data.o)
                              APP/App.o (__do_clear_bss)
c:/program files/microchip/xc8/v2.36/avr/bin/../lib/gcc/avr/5.4.0/avr5/memx-const\libgcc.a(_ashldi3.o)
                              APP/App.o (__ashldi3)
c:/program files/microchip/xc8/v2.36/avr/bin/../lib/gcc/avr/5.4.0/avr5/memx-const\libgcc.a(_ashrdi3.o)
                              HAL/GLCD/GLCD.o (__lshrdi3)
c:/program files/microchip/xc8/v2.36/avr/bin/../lib/gcc/avr/5.4.0/avr5/memx-const\libgcc.a(_adddi3.o)
                              APP/App.o (__adddi3)
c:/program files/microchip/xc8/v2.36/avr/bin/../lib/gcc/avr/5.4.0/avr5/memx-const\libgcc.a(_adddi3_s8.o)
                              APP/App.o (__adddi3_s8)
c:/program files/microchip/xc8/v2.36/avr/bin/../lib/gcc/avr/5.4.0/avr5/memx-const\libgcc.a(_udivmodhi4.o)
[...]
Memory Configuration

Name             Origin             Length             Attributes
text             0x0000000000000000 0x0000000000008000 xr
data             0x0000000000800060 0x0000000000000800 rw !x
eeprom           0x0000000000810000 0x0000000000000400 rw !x
fuse             0x0000000000820000 0x0000000000000002 rw !x
lock             0x0000000000830000 0x0000000000000400 rw !x
signature        0x0000000000840000 0x0000000000000400 rw !x
user_signatures  0x0000000000850000 0x0000000000000400 rw !x
*default*        0x0000000000000000 0xffffffffffffffff

Linker script and memory map

LOAD C:/Program Files/Microchip/xc8/v2.36/dfp/xc8/avr/lib/avr5/memx-const/crtatmega32a.o
LOAD APP/App.o
LOAD HAL/GLCD/GLCD.o
LOAD main.o
LOAD MCAL/DIO/DIO.o
LOAD MCAL/EXTI/EXTI_program.o
LOAD MCAL/GI/GI_program.o
LOAD MCAL/PWM0/PWM0_program.o
LOAD MCAL/TMR1/TMR1_program.o
START GROUP
LOAD c:/program files/microchip/xc8/v2.36/avr/bin/../lib/gcc/avr/5.4.0/../../../../avr/lib/avr5/memx-const\libm.a
END GROUP
START GROUP
LOAD c:/program files/microchip/xc8/v2.36/avr/bin/../lib/gcc/avr/5.4.0/avr5/memx-const\libgcc.a
LOAD c:/program files/microchip/xc8/v2.36/avr/bin/../lib/gcc/avr/5.4.0/../../../../avr/lib/avr5/memx-const\libm.a
LOAD c:/program files/microchip/xc8/v2.36/avr/bin/../lib/gcc/avr/5.4.0/../../../../avr/lib/avr5/memx-const\libc.a
LOAD C:/Program Files/Microchip/xc8/v2.36/dfp/xc8/avr/lib/avr5/memx-const\libatmega32a.a
END GROUP
                [0x0000000000000000]                __TEXT_REGION_ORIGIN__ = DEFINED (__TEXT_REGION_ORIGIN__)?__TEXT_REGION_ORIGIN__:0x0
                [0x0000000000800060]                __DATA_REGION_ORIGIN__ = DEFINED (__DATA_REGION_ORIGIN__)?__DATA_REGION_ORIGIN__:0x800060
                [0x0000000000008000]                __TEXT_REGION_LENGTH__ = DEFINED (__TEXT_REGION_LENGTH__)?__TEXT_REGION_LENGTH__:0x20000
                [0x0000000000000800]                __DATA_REGION_LENGTH__ = DEFINED (__DATA_REGION_LENGTH__)?__DATA_REGION_LENGTH__:0xffa0
                [0x0000000000000400]                __EEPROM_REGION_LENGTH__ = DEFINED (__EEPROM_REGION_LENGTH__)?__EEPROM_REGION_LENGTH__:0x10000
                [0x0000000000000002]                __FUSE_REGION_LENGTH__ = DEFINED (__FUSE_REGION_LENGTH__)?__FUSE_REGION_LENGTH__:0x400
                0x0000000000000400                __LOCK_REGION_LENGTH__ = DEFINED (__LOCK_REGION_LENGTH__)?__LOCK_REGION_LENGTH__:0x400
                0x0000000000000400                __SIGNATURE_REGION_LENGTH__ = DEFINED (__SIGNATURE_REGION_LENGTH__)?__SIGNATURE_REGION_LENGTH__:0x400
                0x0000000000000400                __USER_SIGNATURE_REGION_LENGTH__ = DEFINED (__USER_SIGNATURE_REGION_LENGTH__)?__USER_SIGNATURE_REGION_LENGTH__:0x400

.hash
 *(.hash)

.dynsym
 *(.dynsym)

.dynstr
 *(.dynstr)

.gnu.version
 *(.gnu.version)

.gnu.version_d
 *(.gnu.version_d)

.gnu.version_r
 *(.gnu.version_r)

.rel.init
 *(.rel.init)

.rela.init
 *(.rela.init)

.rel.text
 *(.rel.text)
 *(.rel.text.*)
 *(.rel.gnu.linkonce.t*)

.rela.text
 *(.rela.text)
 *(.rela.text.*)
 *(.rela.gnu.linkonce.t*)

.rel.fini
 *(.rel.fini)

.rela.fini
 *(.rela.fini)

.rel.rodata
 *(.rel.rodata)
 *(.rel.rodata.*)
 *(.rel.gnu.linkonce.r*)

.rela.rodata
 *(.rela.rodata)
 *(.rela.rodata.*)
 *(.rela.gnu.linkonce.r*)

.rel.data
 *(.rel.data)
 *(.rel.data.*)
 *(.rel.gnu.linkonce.d*)

.rela.data
 *(.rela.data)
 *(.rela.data.*)
 *(.rela.gnu.linkonce.d*)

.rel.ctors
 *(.rel.ctors)

.rela.ctors
 *(.rela.ctors)

.rel.dtors
 *(.rel.dtors)

.rela.dtors
 *(.rela.dtors)

.rel.got
 *(.rel.got)

.rela.got
 *(.rela.got)

.rel.bss
 *(.rel.bss)

.rela.bss
 *(.rela.bss)

.rel.plt
 *(.rel.plt)

.rela.plt
 *(.rela.plt)

.text           0x0000000000000000      0x164
 *(.vectors)
 .vectors       0x0000000000000000       0x54 C:/Program Files/Microchip/xc8/v2.36/dfp/xc8/avr/lib/avr5/memx-const/crtatmega32a.o
                0x0000000000000000                __vector_default
                0x0000000000000000                __vectors
 *(.vectors)
 *(.progmem.gcc*)
 .progmem.gcc_sw_table.GLCD_DisplayCharacter
                0x0000000000000054       0xb6 HAL/GLCD/GLCD.o
 *(.dinit)
 .dinit         0x000000000000010a        0x5 data_init
                0x0000000000000110                . = ALIGN (0x2)
 *fill*         0x000000000000010f        0x1 
                0x0000000000000110                __trampolines_start = .
 *(.trampolines)
 .trampolines   0x0000000000000110        0x0 linker stubs
 *(.trampolines*)
                0x0000000000000110                __trampolines_end = .
 *libprintf_flt.a:*(.progmem.data)
 *libc.a:*(.progmem.data)
                0x0000000000000110                . = ALIGN (0x2)
 *(.jumptables)
 *(.jumptables*)
 *(.lowtext)
 *(.lowtext*)
                0x0000000000000110                __ctors_start = .
 *(.ctors)
                0x0000000000000110                __ctors_end = .
                0x0000000000000110                __dtors_start = .
 *(.dtors)
                0x0000000000000110                __dtors_end = .
 SORT(*)(.ctors)
 SORT(*)(.dtors)
 *(.init0)
 .init0         0x0000000000000110        0x0 C:/Program Files/Microchip/xc8/v2.36/dfp/xc8/avr/lib/avr5/memx-const/crtatmega32a.o
                0x0000000000000110                __init
 *(.init0)
 *(.init1)
 *(.init1)
 *(.init2)
 .init2         0x0000000000000110        0xc C:/Program Files/Microchip/xc8/v2.36/dfp/xc8/avr/lib/avr5/memx-const/crtatmega32a.o
 *(.init2)
 *(.init3)
 *(.init3)
 *(.init4)
 .init4         0x000000000000011c       0x3c c:/program files/microchip/xc8/v2.36/avr/bin/../lib/gcc/avr/5.4.0/avr5/memx-const\libgcc.a(_copy_data.o)
                0x000000000000011c                __do_copy_data
                0x000000000000014a                __do_clear_bss
 *(.init4)
 *(.init5)
 *(.init5)
 *(.init6)
 *(.init6)
 *(.init7)
 *(.init7)
 *(.init8)
 *(.init8)
 *(.init9)
 .init9         0x0000000000000158        0x8 C:/Program Files/Microchip/xc8/v2.36/dfp/xc8/avr/lib/avr5/memx-const/crtatmega32a.o
 *(.init9)
                0x0000000000000160                . = ALIGN (0x2)
 *(.fini9)
 .fini9         0x0000000000000160        0x0 c:/program files/microchip/xc8/v2.36/avr/bin/../lib/gcc/avr/5.4.0/avr5/memx-const\libgcc.a(_exit.o)
                0x0000000000000160                _exit
 *(.fini9)
 *(.fini8)
 *(.fini8)
 *(.fini7)
 *(.fini7)
 *(.fini6)
 *(.fini6)
 *(.fini5)
 *(.fini5)
 *(.fini4)
 *(.fini4)
 *(.fini3)
 *(.fini3)
 *(.fini2)
 *(.fini2)
 *(.fini1)
 *(.fini1)
 *(.fini0)
 .fini0         0x0000000000000160        0x4 c:/program files/microchip/xc8/v2.36/avr/bin/../lib/gcc/avr/5.4.0/avr5/memx-const\libgcc.a(_exit.o)
 *(.fini0)
                0x0000000000000164                _etext = .

.data           0x0000000000800060        0x0 load address 0x0000000000000164
                [!provide]                        PROVIDE (__data_start, .)
 *(.gnu.linkonce.d*)
 *(.gnu.linkonce.r*)
                0x0000000000800060                . = ALIGN (0x2)
                0x0000000000800060                _edata = .
                [!provide]                        PROVIDE (__data_end, .)

.bss            0x0000000000800060       0x2a
                [!provide]                        PROVIDE (__bss_start, .)
 *(COMMON)
 COMMON         0x0000000000800060       0x28 APP/App.o
                0x0000000000800060                totalTime
                0x0000000000800068                Time_On
                0x0000000000800070                duty_cycly
                0x0000000000800074                freq
                0x0000000000800078                Time_Off
                0x0000000000800080                local_uint8Counter
 COMMON         0x0000000000800088        0x2 c:/program files/microchip/xc8/v2.36/avr/bin/../lib/gcc/avr/5.4.0/../../../../avr/lib/avr5/memx-const\libc.a(errno.o)
                0x0000000000800088                __errno_val
                [!provide]                        PROVIDE (__bss_end, .)
                0x0000000000000164                __data_load_start = LOADADDR (.data)
                0x0000000000000164                __data_load_end = (__data_load_start + SIZEOF (.data))

.noinit         0x000000000080008a        0x0
                [!provide]                        PROVIDE (__noinit_start, .)
 *(.noinit*)
                [!provide]                        PROVIDE (__noinit_end, .)
                0x000000000080008a                _end = .

.eeprom         0x0000000000810000        0x0
 *(.eeprom*)
                0x0000000000810000                __eeprom_end = .

.fuse
 *(.fuse)
 *(.lfuse)
 *(.hfuse)
 *(.efuse)

.lock
 *(.lock*)

.signature
 *(.signature*)

.user_signatures
 *(.user_signatures*)

.stab
 *(.stab)

.stabstr
 *(.stabstr)

.stab.excl
 *(.stab.excl)

.stab.exclstr
 *(.stab.exclstr)

.stab.index
 *(.stab.index)

.stab.indexstr
 *(.stab.indexstr)

.comment        0x0000000000000000       0x2f
 *(.comment)
 .comment       0x0000000000000000       0x2f APP/App.o
                                         0x30 (size before relaxing)
 .comment       0x000000000000002f       0x30 HAL/GLCD/GLCD.o
 .comment       0x000000000000002f       0x30 main.o
 .comment       0x000000000000002f       0x30 MCAL/DIO/DIO.o
 .comment       0x000000000000002f       0x30 MCAL/EXTI/EXTI_program.o
 .comment       0x000000000000002f       0x30 MCAL/GI/GI_program.o
 .comment       0x000000000000002f       0x30 MCAL/PWM0/PWM0_program.o
 .comment       0x000000000000002f       0x30 MCAL/TMR1/TMR1_program.o
 .comment       0x000000000000002f       0x30 c:/program files/microchip/xc8/v2.36/avr/bin/../lib/gcc/avr/5.4.0/../../../../avr/lib/avr5/memx-const\libc.a(exit.o)
 .comment       0x000000000000002f       0x30 c:/program files/microchip/xc8/v2.36/avr/bin/../lib/gcc/avr/5.4.0/../../../../avr/lib/avr5/memx-const\libc.a(__sio_sprintf_f.o)
 .comment       0x000000000000002f       0x30 c:/program files/microchip/xc8/v2.36/avr/bin/../lib/gcc/avr/5.4.0/../../../../avr/lib/avr5/memx-const\libc.a(__fmt_fp.o)
 .comment       0x000000000000002f       0x30 c:/program files/microchip/xc8/v2.36/avr/bin/../lib/gcc/avr/5.4.0/../../../../avr/lib/avr5/memx-const\libc.a(__printf_core.o)
 .comment       0x000000000000002f       0x30 c:/program files/microchip/xc8/v2.36/avr/bin/../lib/gcc/avr/5.4.0/../../../../avr/lib/avr5/memx-const\libc.a(fputc.o)
 .comment       0x000000000000002f       0x30 c:/program files/microchip/xc8/v2.36/avr/bin/../lib/gcc/avr/5.4.0/../../../../avr/lib/avr5/memx-const\libc.a(__pop_float.o)
 .comment       0x000000000000002f       0x30 c:/program files/microchip/xc8/v2.36/avr/bin/../lib/gcc/avr/5.4.0/../../../../avr/lib/avr5/memx-const\libc.a(__pop_int.o)
 .comment       0x000000000000002f       0x30 c:/program files/microchip/xc8/v2.36/avr/bin/../lib/gcc/avr/5.4.0/../../../../avr/lib/avr5/memx-const\libc.a(__pop_ptr.o)
 .comment       0x000000000000002f       0x30 c:/program files/microchip/xc8/v2.36/avr/bin/../lib/gcc/avr/5.4.0/../../../../avr/lib/avr5/memx-const\libc.a(atoi.o)
 .comment       0x000000000000002f       0x30 c:/program files/microchip/xc8/v2.36/avr/bin/../lib/gcc/avr/5.4.0/../../../../avr/lib/avr5/memx-const\libc.a(memset.o)
 .comment       0x000000000000002f       0x30 c:/program files/microchip/xc8/v2.36/avr/bin/../lib/gcc/avr/5.4.0/../../../../avr/lib/avr5/memx-const\libc.a(strcpy.o)
 .comment       0x000000000000002f       0x30 c:/program files/microchip/xc8/v2.36/avr/bin/../lib/gcc/avr/5.4.0/../../../../avr/lib/avr5/memx-const\libc.a(strlen.o)
 .comment       0x000000000000002f       0x30 c:/program files/microchip/xc8/v2.36/avr/bin/../lib/gcc/avr/5.4.0/../../../../avr/lib/avr5/memx-const\libc.a(tolower.o)
 .comment       0x000000000000002f       0x30 c:/program files/microchip/xc8/v2.36/avr/bin/../lib/gcc/avr/5.4.0/../../../../avr/lib/avr5/memx-const\libc.a(errno.o)
 .comment       0x000000000000002f       0x30 c:/program files/microchip/xc8/v2.36/avr/bin/../lib/gcc/avr/5.4.0/../../../../avr/lib/avr5/memx-const\libc.a(_Exit.o)
 .comment       0x000000000000002f       0x30 c:/program files/microchip/xc8/v2.36/avr/bin/../lib/gcc/avr/5.4.0/../../../../avr/lib/avr5/memx-const\libc.a(__int_vsprintf.o)
 .comment       0x000000000000002f       0x30 c:/program files/microchip/xc8/v2.36/avr/bin/../lib/gcc/avr/5.4.0/../../../../avr/lib/avr5/memx-const\libc.a(__int_vsnprintf.o)
 .comment       0x000000000000002f       0x30 c:/program files/microchip/xc8/v2.36/avr/bin/../lib/gcc/avr/5.4.0/../../../../avr/lib/avr5/memx-const\libc.a(__int_vfprintf.o)
 .comment       0x000000000000002f       0x30 c:/program files/microchip/xc8/v2.36/avr/bin/../lib/gcc/avr/5.4.0/../../../../avr/lib/avr5/memx-const\libm.a(floorf.o)
 .comment       0x000000000000002f       0x30 c:/program files/microchip/xc8/v2.36/avr/bin/../lib/gcc/avr/5.4.0/../../../../avr/lib/avr5/memx-const\libm.a(fmaf.o)

.stack.descriptors.hdr
                0x0000000000000000      0x196
 .stack.descriptors.hdr
                0x0000000000000000        0xe c:/program files/microchip/xc8/v2.36/avr/bin/../lib/gcc/avr/5.4.0/../../../../avr/lib/avr5/memx-const\libm.a(divsf3.o)
 .stack.descriptors.hdr
                0x000000000000000e        0xe c:/program files/microchip/xc8/v2.36/avr/bin/../lib/gcc/avr/5.4.0/../../../../avr/lib/avr5/memx-const\libm.a(divsf3x.o)
 .stack.descriptors.hdr
                0x000000000000001c        0xe c:/program files/microchip/xc8/v2.36/avr/bin/../lib/gcc/avr/5.4.0/../../../../avr/lib/avr5/memx-const\libm.a(fixsfsi.o)
 .stack.descriptors.hdr
                0x000000000000002a        0xe c:/program files/microchip/xc8/v2.36/avr/bin/../lib/gcc/avr/5.4.0/../../../../avr/lib/avr5/memx-const\libm.a(fixunssfsi.o)
 .stack.descriptors.hdr
                0x0000000000000038        0xe c:/program files/microchip/xc8/v2.36/avr/bin/../lib/gcc/avr/5.4.0/../../../../avr/lib/avr5/memx-const\libm.a(floatundisf.o)
 .stack.descriptors.hdr
                0x0000000000000046        0xe c:/program files/microchip/xc8/v2.36/avr/bin/../lib/gcc/avr/5.4.0/../../../../avr/lib/avr5/memx-const\libm.a(fp_inf.o)
 .stack.descriptors.hdr
                0x0000000000000054        0xe c:/program files/microchip/xc8/v2.36/avr/bin/../lib/gcc/avr/5.4.0/../../../../avr/lib/avr5/memx-const\libm.a(fp_nan.o)
 .stack.descriptors.hdr
                0x0000000000000062        0xe c:/program files/microchip/xc8/v2.36/avr/bin/../lib/gcc/avr/5.4.0/../../../../avr/lib/avr5/memx-const\libm.a(fp_pscA.o)
 .stack.descriptors.hdr
                0x0000000000000070        0xe c:/program files/microchip/xc8/v2.36/avr/bin/../lib/gcc/avr/5.4.0/../../../../avr/lib/avr5/memx-const\libm.a(fp_pscB.o)
 .stack.descriptors.hdr
                0x000000000000007e        0xe c:/program files/microchip/xc8/v2.36/avr/bin/../lib/gcc/avr/5.4.0/../../../../avr/lib/avr5/memx-const\libm.a(fp_round.o)
 .stack.descriptors.hdr
                0x000000000000008c        0xe c:/program files/microchip/xc8/v2.36/avr/bin/../lib/gcc/avr/5.4.0/../../../../avr/lib/avr5/memx-const\libm.a(fp_split3.o)
 .stack.descriptors.hdr
                0x000000000000009a        0xe c:/program files/microchip/xc8/v2.36/avr/bin/../lib/gcc/avr/5.4.0/../../../../avr/lib/avr5/memx-const\libm.a(fp_zero.o)
 .stack.descriptors.hdr
                0x00000000000000a8        0xe c:/program files/microchip/xc8/v2.36/avr/bin/../lib/gcc/avr/5.4.0/../../../../avr/lib/avr5/memx-const\libm.a(mulsf3.o)
 .stack.descriptors.hdr
                0x00000000000000b6        0xe c:/program files/microchip/xc8/v2.36/avr/bin/../lib/gcc/avr/5.4.0/../../../../avr/lib/avr5/memx-const\libm.a(mulsf3x.o)
 .stack.descriptors.hdr
                0x00000000000000c4        0xe c:/program files/microchip/xc8/v2.36/avr/bin/../lib/gcc/avr/5.4.0/avr5/memx-const\libgcc.a(_divmodhi4.o)
 .stack.descriptors.hdr
                0x00000000000000d2        0xe c:/program files/microchip/xc8/v2.36/avr/bin/../lib/gcc/avr/5.4.0/avr5/memx-const\libgcc.a(_tablejump2.o)
 .stack.descriptors.hdr
                0x00000000000000e0        0xe c:/program files/microchip/xc8/v2.36/avr/bin/../lib/gcc/avr/5.4.0/avr5/memx-const\libgcc.a(_ashldi3.o)
 .stack.descriptors.hdr
                0x00000000000000ee        0xe c:/program files/microchip/xc8/v2.36/avr/bin/../lib/gcc/avr/5.4.0/avr5/memx-const\libgcc.a(_ashrdi3.o)
 .stack.descriptors.hdr
                0x00000000000000fc        0xe c:/program files/microchip/xc8/v2.36/avr/bin/../lib/gcc/avr/5.4.0/avr5/memx-const\libgcc.a(_adddi3.o)
 .stack.descriptors.hdr
                0x000000000000010a        0xe c:/program files/microchip/xc8/v2.36/avr/bin/../lib/gcc/avr/5.4.0/avr5/memx-const\libgcc.a(_adddi3_s8.o)
 .stack.descriptors.hdr
                0x0000000000000118        0xe c:/program files/microchip/xc8/v2.36/avr/bin/../lib/gcc/avr/5.4.0/avr5/memx-const\libgcc.a(_udivmodhi4.o)
 .stack.descriptors.hdr
                0x0000000000000126        0xe c:/program files/microchip/xc8/v2.36/avr/bin/../lib/gcc/avr/5.4.0/avr5/memx-const\libgcc.a(_exit.o)
 .stack.descriptors.hdr
                0x0000000000000134        0xe c:/program files/microchip/xc8/v2.36/avr/bin/../lib/gcc/avr/5.4.0/avr5/memx-const\libgcc.a(_movmemx.o)
 .stack.descriptors.hdr
                0x0000000000000142        0xe c:/program files/microchip/xc8/v2.36/avr/bin/../lib/gcc/avr/5.4.0/avr5/memx-const\libgcc.a(_cmpdi2_s8.o)
 .stack.descriptors.hdr
                0x0000000000000150        0xe c:/program files/microchip/xc8/v2.36/avr/bin/../lib/gcc/avr/5.4.0/../../../../avr/lib/avr5/memx-const\libm.a(addsf3.o)
 .stack.descriptors.hdr
                0x000000000000015e        0xe c:/program files/microchip/xc8/v2.36/avr/bin/../lib/gcc/avr/5.4.0/../../../../avr/lib/avr5/memx-const\libm.a(addsf3x.o)
 .stack.descriptors.hdr
                0x000000000000016c        0xe c:/program files/microchip/xc8/v2.36/avr/bin/../lib/gcc/avr/5.4.0/../../../../avr/lib/avr5/memx-const\libm.a(cmpsf2.o)
 .stack.descriptors.hdr
                0x000000000000017a        0xe c:/program files/microchip/xc8/v2.36/avr/bin/../lib/gcc/avr/5.4.0/../../../../avr/lib/avr5/memx-const\libm.a(fp_cmp.o)
 .stack.descriptors.hdr
                0x0000000000000188        0xe c:/program files/microchip/xc8/v2.36/avr/bin/../lib/gcc/avr/5.4.0/../../../../avr/lib/avr5/memx-const\libm.a(gesf2.o)

.note.GNU-stack
                0x0000000000000000        0x0
 .note.GNU-stack
                0x0000000000000000        0x0 c:/program files/microchip/xc8/v2.36/avr/bin/../lib/gcc/avr/5.4.0/../../../../avr/lib/avr5/memx-const\libm.a(divsf3.o)
 .note.GNU-stack
                0x0000000000000000        0x0 c:/program files/microchip/xc8/v2.36/avr/bin/../lib/gcc/avr/5.4.0/../../../../avr/lib/avr5/memx-const\libm.a(divsf3x.o)
 .note.GNU-stack
                0x0000000000000000        0x0 c:/program files/microchip/xc8/v2.36/avr/bin/../lib/gcc/avr/5.4.0/../../../../avr/lib/avr5/memx-const\libm.a(fixsfsi.o)
 .note.GNU-stack
                0x0000000000000000        0x0 c:/program files/microchip/xc8/v2.36/avr/bin/../lib/gcc/avr/5.4.0/../../../../avr/lib/avr5/memx-const\libm.a(fixunssfsi.o)
 .note.GNU-stack
                0x0000000000000000        0x0 c:/program files/microchip/xc8/v2.36/avr/bin/../lib/gcc/avr/5.4.0/../../../../avr/lib/avr5/memx-const\libm.a(floatundisf.o)
 .note.GNU-stack
                0x0000000000000000        0x0 c:/program files/microchip/xc8/v2.36/avr/bin/../lib/gcc/avr/5.4.0/../../../../avr/lib/avr5/memx-const\libm.a(fp_inf.o)
 .note.GNU-stack
                0x0000000000000000        0x0 c:/program files/microchip/xc8/v2.36/avr/bin/../lib/gcc/avr/5.4.0/../../../../avr/lib/avr5/memx-const\libm.a(fp_nan.o)
 .note.GNU-stack
                0x0000000000000000        0x0 c:/program files/microchip/xc8/v2.36/avr/bin/../lib/gcc/avr/5.4.0/../../../../avr/lib/avr5/memx-const\libm.a(fp_pscA.o)
 .note.GNU-stack
                0x0000000000000000        0x0 c:/program files/microchip/xc8/v2.36/avr/bin/../lib/gcc/avr/5.4.0/../../../../avr/lib/avr5/memx-const\libm.a(fp_pscB.o)
 .note.GNU-stack
                0x0000000000000000        0x0 c:/program files/microchip/xc8/v2.36/avr/bin/../lib/gcc/avr/5.4.0/../../../../avr/lib/avr5/memx-const\libm.a(fp_round.o)
 .note.GNU-stack
                0x0000000000000000        0x0 c:/program files/microchip/xc8/v2.36/avr/bin/../lib/gcc/avr/5.4.0/../../../../avr/lib/avr5/memx-const\libm.a(fp_split3.o)
 .note.GNU-stack
                0x0000000000000000        0x0 c:/program files/microchip/xc8/v2.36/avr/bin/../lib/gcc/avr/5.4.0/../../../../avr/lib/avr5/memx-const\libm.a(fp_zero.o)
 .note.GNU-stack
                0x0000000000000000        0x0 c:/program files/microchip/xc8/v2.36/avr/bin/../lib/gcc/avr/5.4.0/../../../../avr/lib/avr5/memx-const\libm.a(mulsf3.o)
 .note.GNU-stack
                0x0000000000000000        0x0 c:/program files/microchip/xc8/v2.36/avr/bin/../lib/gcc/avr/5.4.0/../../../../avr/lib/avr5/memx-const\libm.a(mulsf3x.o)
 .note.GNU-stack
                0x0000000000000000        0x0 c:/program files/microchip/xc8/v2.36/avr/bin/../lib/gcc/avr/5.4.0/../../../../avr/lib/avr5/memx-const\libc.a(exit.o)
 .note.GNU-stack
                0x0000000000000000        0x0 c:/program files/microchip/xc8/v2.36/avr/bin/../lib/gcc/avr/5.4.0/../../../../avr/lib/avr5/memx-const\libc.a(__sio_sprintf_f.o)
 .note.GNU-stack
                0x0000000000000000        0x0 c:/program files/microchip/xc8/v2.36/avr/bin/../lib/gcc/avr/5.4.0/../../../../avr/lib/avr5/memx-const\libc.a(__fmt_fp.o)
 .note.GNU-stack
                0x0000000000000000        0x0 c:/program files/microchip/xc8/v2.36/avr/bin/../lib/gcc/avr/5.4.0/../../../../avr/lib/avr5/memx-const\libc.a(__printf_core.o)
 .note.GNU-stack
                0x0000000000000000        0x0 c:/program files/microchip/xc8/v2.36/avr/bin/../lib/gcc/avr/5.4.0/../../../../avr/lib/avr5/memx-const\libc.a(fputc.o)
 .note.GNU-stack
                0x0000000000000000        0x0 c:/program files/microchip/xc8/v2.36/avr/bin/../lib/gcc/avr/5.4.0/../../../../avr/lib/avr5/memx-const\libc.a(__pop_float.o)
 .note.GNU-stack
                0x0000000000000000        0x0 c:/program files/microchip/xc8/v2.36/avr/bin/../lib/gcc/avr/5.4.0/../../../../avr/lib/avr5/memx-const\libc.a(__pop_int.o)
 .note.GNU-stack
                0x0000000000000000        0x0 c:/program files/microchip/xc8/v2.36/avr/bin/../lib/gcc/avr/5.4.0/../../../../avr/lib/avr5/memx-const\libc.a(__pop_ptr.o)
 .note.GNU-stack
                0x0000000000000000        0x0 c:/program files/microchip/xc8/v2.36/avr/bin/../lib/gcc/avr/5.4.0/../../../../avr/lib/avr5/memx-const\libc.a(atoi.o)
 .note.GNU-stack
                0x0000000000000000        0x0 c:/program files/microchip/xc8/v2.36/avr/bin/../lib/gcc/avr/5.4.0/../../../../avr/lib/avr5/memx-const\libc.a(memset.o)
 .note.GNU-stack
                0x0000000000000000        0x0 c:/program files/microchip/xc8/v2.36/avr/bin/../lib/gcc/avr/5.4.0/../../../../avr/lib/avr5/memx-const\libc.a(strcpy.o)
 .note.GNU-stack
                0x0000000000000000        0x0 c:/program files/microchip/xc8/v2.36/avr/bin/../lib/gcc/avr/5.4.0/../../../../avr/lib/avr5/memx-const\libc.a(strlen.o)
 .note.GNU-stack
                0x0000000000000000        0x0 c:/program files/microchip/xc8/v2.36/avr/bin/../lib/gcc/avr/5.4.0/../../../../avr/lib/avr5/memx-const\libc.a(tolower.o)
 .note.GNU-stack
                0x0000000000000000        0x0 c:/program files/microchip/xc8/v2.36/avr/bin/../lib/gcc/avr/5.4.0/../../../../avr/lib/avr5/memx-const\libc.a(errno.o)
 .note.GNU-stack
                0x0000000000000000        0x0 c:/program files/microchip/xc8/v2.36/avr/bin/../lib/gcc/avr/5.4.0/../../../../avr/lib/avr5/memx-const\libc.a(_Exit.o)
 .note.GNU-stack
                0x0000000000000000        0x0 c:/program files/microchip/xc8/v2.36/avr/bin/../lib/gcc/avr/5.4.0/../../../../avr/lib/avr5/memx-const\libc.a(__int_vsprintf.o)
 .note.GNU-stack
                0x0000000000000000        0x0 c:/program files/microchip/xc8/v2.36/avr/bin/../lib/gcc/avr/5.4.0/../../../../avr/lib/avr5/memx-const\libc.a(__int_vsnprintf.o)
 .note.GNU-stack
                0x0000000000000000        0x0 c:/program files/microchip/xc8/v2.36/avr/bin/../lib/gcc/avr/5.4.0/../../../../avr/lib/avr5/memx-const\libc.a(__int_vfprintf.o)
 .note.GNU-stack
                0x0000000000000000        0x0 c:/program files/microchip/xc8/v2.36/avr/bin/../lib/gcc/avr/5.4.0/../../../../avr/lib/avr5/memx-const\libm.a(addsf3.o)
 .note.GNU-stack
                0x0000000000000000        0x0 c:/program files/microchip/xc8/v2.36/avr/bin/../lib/gcc/avr/5.4.0/../../../../avr/lib/avr5/memx-const\libm.a(addsf3x.o)
 .note.GNU-stack
                0x0000000000000000        0x0 c:/program files/microchip/xc8/v2.36/avr/bin/../lib/gcc/avr/5.4.0/../../../../avr/lib/avr5/memx-const\libm.a(cmpsf2.o)
 .note.GNU-stack
                0x0000000000000000        0x0 c:/program files/microchip/xc8/v2.36/avr/bin/../lib/gcc/avr/5.4.0/../../../../avr/lib/avr5/memx-const\libm.a(fp_cmp.o)
 .note.GNU-stack
                0x0000000000000000        0x0 c:/program files/microchip/xc8/v2.36/avr/bin/../lib/gcc/avr/5.4.0/../../../../avr/lib/avr5/memx-const\libm.a(gesf2.o)
 .note.GNU-stack
                0x0000000000000000        0x0 c:/program files/microchip/xc8/v2.36/avr/bin/../lib/gcc/avr/5.4.0/../../../../avr/lib/avr5/memx-const\libm.a(floorf.o)
 .note.GNU-stack
                0x0000000000000000        0x0 c:/program files/microchip/xc8/v2.36/avr/bin/../lib/gcc/avr/5.4.0/../../../../avr/lib/avr5/memx-const\libm.a(fmaf.o)

.note.gnu.build-id
 *(.note.gnu.build-id)

.debug
 *(.debug)

.line
 *(.line)

.debug_srcinfo
 *(.debug_srcinfo)

.debug_sfnames
 *(.debug_sfnames)

.debug_aranges  0x0000000000000000      0x210
 *(.debug_aranges)
 .debug_aranges
                0x0000000000000000       0x40 APP/App.o
 .debug_aranges
                0x0000000000000040       0x68 HAL/GLCD/GLCD.o
 .debug_aranges
                0x00000000000000a8       0x20 main.o
 .debug_aranges
                0x00000000000000c8       0x88 MCAL/DIO/DIO.o
 .debug_aranges
                0x0000000000000150       0x30 MCAL/EXTI/EXTI_program.o
 .debug_aranges
                0x0000000000000180       0x28 MCAL/GI/GI_program.o
 .debug_aranges
                0x00000000000001a8       0x30 MCAL/PWM0/PWM0_program.o
 .debug_aranges
                0x00000000000001d8       0x38 MCAL/TMR1/TMR1_program.o

.debug_pubnames
 *(.debug_pubnames)

.debug_info     0x0000000000000000     0x3652
 *(.debug_info .gnu.linkonce.wi.*)
 .debug_info    0x0000000000000000      0x4e6 C:/Program Files/Microchip/xc8/v2.36/dfp/xc8/avr/lib/avr5/memx-const/crtatmega32a.o
 .debug_info    0x00000000000004e6      0x638 APP/App.o
 .debug_info    0x0000000000000b1e      0xebc HAL/GLCD/GLCD.o
 .debug_info    0x00000000000019da      0x599 main.o
 .debug_info    0x0000000000001f73      0xa33 MCAL/DIO/DIO.o
 .debug_info    0x00000000000029a6      0x3cd MCAL/EXTI/EXTI_program.o
 .debug_info    0x0000000000002d73      0x291 MCAL/GI/GI_program.o
 .debug_info    0x0000000000003004      0x2df MCAL/PWM0/PWM0_program.o
 .debug_info    0x00000000000032e3      0x36f MCAL/TMR1/TMR1_program.o

.debug_abbrev   0x0000000000000000      0xb9c
 *(.debug_abbrev)
 .debug_abbrev  0x0000000000000000      0x4a3 C:/Program Files/Microchip/xc8/v2.36/dfp/xc8/avr/lib/avr5/memx-const/crtatmega32a.o
 .debug_abbrev  0x00000000000004a3      0x156 APP/App.o
 .debug_abbrev  0x00000000000005f9      0x173 HAL/GLCD/GLCD.o
 .debug_abbrev  0x000000000000076c      0x10c main.o
 .debug_abbrev  0x0000000000000878      0x14d MCAL/DIO/DIO.o
 .debug_abbrev  0x00000000000009c5       0x96 MCAL/EXTI/EXTI_program.o
 .debug_abbrev  0x0000000000000a5b       0x46 MCAL/GI/GI_program.o
 .debug_abbrev  0x0000000000000aa1       0x6f MCAL/PWM0/PWM0_program.o
 .debug_abbrev  0x0000000000000b10       0x8c MCAL/TMR1/TMR1_program.o

.debug_line     0x0000000000000000     0x1135
 *(.debug_line .debug_line.* .debug_line_end)
 .debug_line    0x0000000000000000      0x119 C:/Program Files/Microchip/xc8/v2.36/dfp/xc8/avr/lib/avr5/memx-const/crtatmega32a.o
 .debug_line    0x0000000000000119      0x2a1 APP/App.o
 .debug_line    0x00000000000003ba      0x4df HAL/GLCD/GLCD.o
 .debug_line    0x0000000000000899      0x1f5 main.o
 .debug_line    0x0000000000000a8e      0x2f7 MCAL/DIO/DIO.o
 .debug_line    0x0000000000000d85      0x198 MCAL/EXTI/EXTI_program.o
 .debug_line    0x0000000000000f1d       0x78 MCAL/GI/GI_program.o
 .debug_line    0x0000000000000f95       0xc8 MCAL/PWM0/PWM0_program.o
 .debug_line    0x000000000000105d       0xd8 MCAL/TMR1/TMR1_program.o

.debug_frame    0x0000000000000000      0x540
 *(.debug_frame)
 .debug_frame   0x0000000000000000      0x1a4 APP/App.o
 .debug_frame   0x00000000000001a4      0x11c HAL/GLCD/GLCD.o
 .debug_frame   0x00000000000002c0       0x24 main.o
 .debug_frame   0x00000000000002e4      0x14c MCAL/DIO/DIO.o
 .debug_frame   0x0000000000000430       0x44 MCAL/EXTI/EXTI_program.o
 .debug_frame   0x0000000000000474       0x34 MCAL/GI/GI_program.o
 .debug_frame   0x00000000000004a8       0x44 MCAL/PWM0/PWM0_program.o
 .debug_frame   0x00000000000004ec       0x54 MCAL/TMR1/TMR1_program.o

.debug_str      0x0000000000000000      0x347
 *(.debug_str)
 .debug_str     0x0000000000000000      0x196 C:/Program Files/Microchip/xc8/v2.36/dfp/xc8/avr/lib/avr5/memx-const/crtatmega32a.o
 .debug_str     0x0000000000000196       0x62 APP/App.o
 .debug_str     0x00000000000001f8       0x44 HAL/GLCD/GLCD.o
 .debug_str     0x000000000000023c       0xd3 main.o
 .debug_str     0x000000000000030f       0x28 MCAL/DIO/DIO.o
 .debug_str     0x0000000000000337       0x10 MCAL/EXTI/EXTI_program.o
 .debug_str     0x0000000000000347        0x0 MCAL/GI/GI_program.o
 .debug_str     0x0000000000000347        0x0 MCAL/PWM0/PWM0_program.o
 .debug_str     0x0000000000000347        0x0 MCAL/TMR1/TMR1_program.o

.debug_loc      0x0000000000000000     0x15b9
 *(.debug_loc)
 .debug_loc     0x0000000000000000      0x463 APP/App.o
 .debug_loc     0x0000000000000463      0x725 HAL/GLCD/GLCD.o
 .debug_loc     0x0000000000000b88      0x85d MCAL/DIO/DIO.o
 .debug_loc     0x00000000000013e5      0x1a8 MCAL/EXTI/EXTI_program.o
 .debug_loc     0x000000000000158d       0x2c MCAL/PWM0/PWM0_program.o

.debug_macinfo
 *(.debug_macinfo)

.debug_weaknames
 *(.debug_weaknames)

.debug_funcnames
 *(.debug_funcnames)

.debug_typenames
 *(.debug_typenames)

.debug_varnames
 *(.debug_varnames)

.debug_pubtypes
 *(.debug_pubtypes)

.debug_ranges   0x0000000000000000      0x190
 *(.debug_ranges)
 .debug_ranges  0x0000000000000000       0x30 APP/App.o
 .debug_ranges  0x0000000000000030       0x58 HAL/GLCD/GLCD.o
 .debug_ranges  0x0000000000000088       0x10 main.o
 .debug_ranges  0x0000000000000098       0x78 MCAL/DIO/DIO.o
 .debug_ranges  0x0000000000000110       0x20 MCAL/EXTI/EXTI_program.o
 .debug_ranges  0x0000000000000130       0x18 MCAL/GI/GI_program.o
 .debug_ranges  0x0000000000000148       0x20 MCAL/PWM0/PWM0_program.o
 .debug_ranges  0x0000000000000168       0x28 MCAL/TMR1/TMR1_program.o

.debug_macro
 *(.debug_macro)
OUTPUT(PWM_Drawer.elf elf32-avr)
LOAD linker stubs
LOAD data_init

.note.gnu.avr.deviceinfo
                0x0000000000000000       0x3c
 .note.gnu.avr.deviceinfo
                0x0000000000000000       0x3c C:/Program Files/Microchip/xc8/v2.36/dfp/xc8/avr/lib/avr5/memx-const/crtatmega32a.o

.bss.EXT_state  0x000000000080008a        0x1
 .bss.EXT_state
                0x000000000080008a        0x1 APP/App.o
                0x000000000080008a                EXT_state

.bss.guint8_Curr_Page
                0x000000000080008b        0x1
 .bss.guint8_Curr_Page
                0x000000000080008b        0x1 HAL/GLCD/GLCD.o
                0x000000000080008b                guint8_Curr_Page

.bss.guint8_Curr_Y_Address
                0x000000000080008c        0x1
 .bss.guint8_Curr_Y_Address
                0x000000000080008c        0x1 HAL/GLCD/GLCD.o
                0x000000000080008c                guint8_Curr_Y_Address

.bss.guint8_Curr_X_Address
                0x000000000080008d        0x1
 .bss.guint8_Curr_X_Address
                0x000000000080008d        0x1 HAL/GLCD/GLCD.o
                0x000000000080008d                guint8_Curr_X_Address

.progmemx.data  0x0000000000000164       0x23
 .progmemx.data
                0x0000000000000164       0x23 APP/App.o

.progmemx.data.state_table
                0x0000000000000187       0x16
 .progmemx.data.state_table
                0x0000000000000187       0x16 c:/program files/microchip/xc8/v2.36/avr/bin/../lib/gcc/avr/5.4.0/../../../../avr/lib/avr5/memx-const\libc.a(__printf_core.o)

.progmemx.data  0x000000000000019d       0x10
 .progmemx.data
                0x000000000000019d       0x10 c:/program files/microchip/xc8/v2.36/avr/bin/../lib/gcc/avr/5.4.0/../../../../avr/lib/avr5/memx-const\libc.a(__fmt_fp.o)

.progmemx.data  0x00000000000001ad        0x6
 .progmemx.data
                0x00000000000001ad        0x6 c:/program files/microchip/xc8/v2.36/avr/bin/../lib/gcc/avr/5.4.0/../../../../avr/lib/avr5/memx-const\libc.a(__printf_core.o)

.text.__printf_core
                0x00000000000001b4      0x822
 .text.__printf_core
                0x00000000000001b4      0x822 c:/program files/microchip/xc8/v2.36/avr/bin/../lib/gcc/avr/5.4.0/../../../../avr/lib/avr5/memx-const\libc.a(__printf_core.o)
                0x00000000000001b4                __printf_core

.text.__fmt_fp  0x00000000000009d6      0x6ba
 .text.__fmt_fp
                0x00000000000009d6      0x6ba c:/program files/microchip/xc8/v2.36/avr/bin/../lib/gcc/avr/5.4.0/../../../../avr/lib/avr5/memx-const\libc.a(__fmt_fp.o)
                0x00000000000009d6                __fmt_f_needed
                0x00000000000009d6                __fmt_fp

.text.GLCD_DisplayCharacter
                0x0000000000001090      0x330
 .text.GLCD_DisplayCharacter
                0x0000000000001090      0x330 HAL/GLCD/GLCD.o
                0x0000000000001090                GLCD_DisplayCharacter

.text.__vector_1
                0x00000000000013c0      0x1ba
 .text.__vector_1
                0x00000000000013c0      0x1ba APP/App.o
                0x00000000000013c0                __vector_1

.text.Display_Signal
                0x000000000000157a      0x172
 .text.Display_Signal
                0x000000000000157a      0x172 APP/App.o
                0x000000000000157a                Display_Signal

.text.__pop_int
                0x00000000000016ec      0x172
 .text.__pop_int
                0x00000000000016ec      0x172 c:/program files/microchip/xc8/v2.36/avr/bin/../lib/gcc/avr/5.4.0/../../../../avr/lib/avr5/memx-const\libc.a(__pop_int.o)
                0x00000000000016ec                __pop_int_needed
                0x00000000000016ec                __pop_int

.text.fmaf      0x000000000000185e      0x13c
 .text.fmaf     0x000000000000185e      0x13c c:/program files/microchip/xc8/v2.36/avr/bin/../lib/gcc/avr/5.4.0/../../../../avr/lib/avr5/memx-const\libm.a(fmaf.o)
                0x000000000000185e                fmaf

.text.floorf    0x000000000000199a      0x132
 .text.floorf   0x000000000000199a      0x132 c:/program files/microchip/xc8/v2.36/avr/bin/../lib/gcc/avr/5.4.0/../../../../avr/lib/avr5/memx-const\libm.a(floorf.o)
                0x000000000000199a                floorf

.text.MeasureSignal
                0x0000000000001acc      0x116
 .text.MeasureSignal
                0x0000000000001acc      0x116 APP/App.o
                0x0000000000001acc                MeasureSignal

.text.__pad     0x0000000000001be2      0x10e
 .text.__pad    0x0000000000001be2      0x10e c:/program files/microchip/xc8/v2.36/avr/bin/../lib/gcc/avr/5.4.0/../../../../avr/lib/avr5/memx-const\libc.a(__printf_core.o)
                0x0000000000001be2                __pad

.text.Display_SignalMeasurement
                0x0000000000001cf0      0x10a
 .text.Display_SignalMeasurement
                0x0000000000001cf0      0x10a APP/App.o
                0x0000000000001cf0                Display_SignalMeasurement

.text           0x0000000000001dfa       0xde
 .text          0x0000000000001dfa       0xde c:/program files/microchip/xc8/v2.36/avr/bin/../lib/gcc/avr/5.4.0/../../../../avr/lib/avr5/memx-const\libm.a(divsf3x.o)
                0x0000000000001dfa                __divsf3x
                0x0000000000001e22                __divsf3_pse

.text.__pop_ptr
                0x0000000000001ed8       0xd8
 .text.__pop_ptr
                0x0000000000001ed8       0xd8 c:/program files/microchip/xc8/v2.36/avr/bin/../lib/gcc/avr/5.4.0/../../../../avr/lib/avr5/memx-const\libc.a(__pop_ptr.o)
                0x0000000000001ed8                __pop_ptr
                0x0000000000001ed8                __pop_ptr_needed

.text           0x0000000000001fb0       0xd4
 .text          0x0000000000001fb0       0xd4 c:/program files/microchip/xc8/v2.36/avr/bin/../lib/gcc/avr/5.4.0/../../../../avr/lib/avr5/memx-const\libm.a(mulsf3x.o)
                0x0000000000001fb0                __mulsf3x
                0x0000000000001fd6                __mulsf3_pse

.text           0x0000000000002084       0xce
 .text          0x0000000000002084       0xce c:/program files/microchip/xc8/v2.36/avr/bin/../lib/gcc/avr/5.4.0/../../../../avr/lib/avr5/memx-const\libm.a(addsf3x.o)
                0x0000000000002084                __addsf3x

.text.EXTI_voidInit
                0x0000000000002152       0xb8
 .text.EXTI_voidInit
                0x0000000000002152       0xb8 MCAL/EXTI/EXTI_program.o
                0x0000000000002152                EXTI_voidInit

.text.GLCD_DisplaySpecialPattern
                0x000000000000220a       0xa6
 .text.GLCD_DisplaySpecialPattern
                0x000000000000220a       0xa6 HAL/GLCD/GLCD.o
                0x000000000000220a                GLCD_DisplaySpecialPattern

.text.DIO_ObtainRegister
                0x00000000000022b0       0xa6
 .text.DIO_ObtainRegister
                0x00000000000022b0       0xa6 MCAL/DIO/DIO.o

.text.__vsnprintf
                0x0000000000002356       0xa4
 .text.__vsnprintf
                0x0000000000002356       0xa4 c:/program files/microchip/xc8/v2.36/avr/bin/../lib/gcc/avr/5.4.0/../../../../avr/lib/avr5/memx-const\libc.a(__int_vsnprintf.o)
                0x0000000000002356                __vsnprintf

.text.__fmt_state
                0x00000000000023fa       0x9e
 .text.__fmt_state
                0x00000000000023fa       0x9e c:/program files/microchip/xc8/v2.36/avr/bin/../lib/gcc/avr/5.4.0/../../../../avr/lib/avr5/memx-const\libc.a(__printf_core.o)
                0x00000000000023fa                __fmt_state

.text.fputc     0x0000000000002498       0x92
 .text.fputc    0x0000000000002498       0x92 c:/program files/microchip/xc8/v2.36/avr/bin/../lib/gcc/avr/5.4.0/../../../../avr/lib/avr5/memx-const\libc.a(fputc.o)
                0x0000000000002498                fputc
                0x0000000000002498                putc

.text.atoi      0x000000000000252a       0x90
 .text.atoi     0x000000000000252a       0x90 c:/program files/microchip/xc8/v2.36/avr/bin/../lib/gcc/avr/5.4.0/../../../../avr/lib/avr5/memx-const\libc.a(atoi.o)
                0x000000000000252a                atoi

.text.GLCD_Init
                0x00000000000025ba       0x86
 .text.GLCD_Init
                0x00000000000025ba       0x86 HAL/GLCD/GLCD.o
                0x00000000000025ba                GLCD_Init

.text.__vector_9
                0x0000000000002640       0x7e
 .text.__vector_9
                0x0000000000002640       0x7e APP/App.o
                0x0000000000002640                __vector_9

.text           0x00000000000026be       0x7c
 .text          0x00000000000026be       0x7c c:/program files/microchip/xc8/v2.36/avr/bin/../lib/gcc/avr/5.4.0/../../../../avr/lib/avr5/memx-const\libm.a(floatundisf.o)
                0x00000000000026be                __floatundisf
                0x00000000000026c0                __fp_di2sf

.text.GLCD_SelectPage
                0x000000000000273a       0x68
 .text.GLCD_SelectPage
                0x000000000000273a       0x68 HAL/GLCD/GLCD.o
                0x000000000000273a                GLCD_SelectPage

.text.__out     0x00000000000027a2       0x68
 .text.__out    0x00000000000027a2       0x68 c:/program files/microchip/xc8/v2.36/avr/bin/../lib/gcc/avr/5.4.0/../../../../avr/lib/avr5/memx-const\libc.a(__printf_core.o)
                0x00000000000027a2                __out

.text.main      0x000000000000280a       0x60
 .text.main     0x000000000000280a       0x60 main.o
                0x000000000000280a                main

.text           0x000000000000286a       0x5e
 .text          0x000000000000286a       0x5e c:/program files/microchip/xc8/v2.36/avr/bin/../lib/gcc/avr/5.4.0/../../../../avr/lib/avr5/memx-const\libm.a(fixunssfsi.o)
                0x000000000000286a                __fixunssfsi

.text.DIO_SetPinDirection
                0x00000000000028c8       0x4e
 .text.DIO_SetPinDirection
                0x00000000000028c8       0x4e MCAL/DIO/DIO.o
                0x00000000000028c8                DIO_SetPinDirection

.text.DIO_WritePin
                0x0000000000002916       0x4e
 .text.DIO_WritePin
                0x0000000000002916       0x4e MCAL/DIO/DIO.o
                0x0000000000002916                DIO_WritePin

.text.GLCD_ClearDisplay
                0x0000000000002964       0x4c
 .text.GLCD_ClearDisplay
                0x0000000000002964       0x4c HAL/GLCD/GLCD.o
                0x0000000000002964                GLCD_ClearDisplay

.text           0x00000000000029b0       0x48
 .text          0x00000000000029b0       0x48 c:/program files/microchip/xc8/v2.36/avr/bin/../lib/gcc/avr/5.4.0/../../../../avr/lib/avr5/memx-const\libm.a(fp_cmp.o)
                0x00000000000029b0                __fp_cmp

.text           0x00000000000029f8       0x44
 .text          0x00000000000029f8       0x44 c:/program files/microchip/xc8/v2.36/avr/bin/../lib/gcc/avr/5.4.0/../../../../avr/lib/avr5/memx-const\libm.a(fp_split3.o)
                0x00000000000029f8                __fp_split3
                0x0000000000002a08                __fp_splitA

.text.GLCD_SendInstruction
                0x0000000000002a3c       0x40
 .text.GLCD_SendInstruction
                0x0000000000002a3c       0x40 HAL/GLCD/GLCD.o
                0x0000000000002a3c                GLCD_SendInstruction

.text.GLCD_SendData
                0x0000000000002a7c       0x40
 .text.GLCD_SendData
                0x0000000000002a7c       0x40 HAL/GLCD/GLCD.o
                0x0000000000002a7c                GLCD_SendData

.text.__pop_float
                0x0000000000002abc       0x40
 .text.__pop_float
                0x0000000000002abc       0x40 c:/program files/microchip/xc8/v2.36/avr/bin/../lib/gcc/avr/5.4.0/../../../../avr/lib/avr5/memx-const\libc.a(__pop_float.o)
                0x0000000000002abc                __pop_float_needed
                0x0000000000002abc                __pop_float

.text.libgcc.builtins
                0x0000000000002afc       0x3c
 .text.libgcc.builtins
                0x0000000000002afc       0x3c c:/program files/microchip/xc8/v2.36/avr/bin/../lib/gcc/avr/5.4.0/avr5/memx-const\libgcc.a(_ashrdi3.o)
                0x0000000000002afc                __ashrdi3
                0x0000000000002b00                __lshrdi3

.text.libgcc.prologue
                0x0000000000002b38       0x38
 .text.libgcc.prologue
                0x0000000000002b38       0x38 c:/program files/microchip/xc8/v2.36/avr/bin/../lib/gcc/avr/5.4.0/avr5/memx-const\libgcc.a(_prologue.o)
                0x0000000000002b38                __prologue_saves__

.text.libgcc.prologue
                0x0000000000002b70       0x36
 .text.libgcc.prologue
                0x0000000000002b70       0x36 c:/program files/microchip/xc8/v2.36/avr/bin/../lib/gcc/avr/5.4.0/avr5/memx-const\libgcc.a(_epilogue.o)
                0x0000000000002b70                __epilogue_restores__

.text.libgcc.builtins
                0x0000000000002ba6       0x32
 .text.libgcc.builtins
                0x0000000000002ba6       0x32 c:/program files/microchip/xc8/v2.36/avr/bin/../lib/gcc/avr/5.4.0/avr5/memx-const\libgcc.a(_ashldi3.o)
                0x0000000000002ba6                __ashldi3

.text.__vfprintf
                0x0000000000002bd8       0x30
 .text.__vfprintf
                0x0000000000002bd8       0x30 c:/program files/microchip/xc8/v2.36/avr/bin/../lib/gcc/avr/5.4.0/../../../../avr/lib/avr5/memx-const\libc.a(__int_vfprintf.o)
                0x0000000000002bd8                __vfprintf

.text.strlen    0x0000000000002c08       0x2c
 .text.strlen   0x0000000000002c08       0x2c c:/program files/microchip/xc8/v2.36/avr/bin/../lib/gcc/avr/5.4.0/../../../../avr/lib/avr5/memx-const\libc.a(strlen.o)
                0x0000000000002c08                strlen

.text.GLCD_GoToLine
                0x0000000000002c34       0x28
 .text.GLCD_GoToLine
                0x0000000000002c34       0x28 HAL/GLCD/GLCD.o
                0x0000000000002c34                GLCD_GoToLine

.text.PWM0_voidGeneratePWM
                0x0000000000002c5c       0x28
 .text.PWM0_voidGeneratePWM
                0x0000000000002c5c       0x28 MCAL/PWM0/PWM0_program.o
                0x0000000000002c5c                PWM0_voidGeneratePWM

.text.libgcc.div
                0x0000000000002c84       0x28
 .text.libgcc.div
                0x0000000000002c84       0x28 c:/program files/microchip/xc8/v2.36/avr/bin/../lib/gcc/avr/5.4.0/avr5/memx-const\libgcc.a(_divmodhi4.o)
                0x0000000000002c84                _div
                0x0000000000002c84                __divmodhi4

.text.libgcc.div
                0x0000000000002cac       0x28
 .text.libgcc.div
                0x0000000000002cac       0x28 c:/program files/microchip/xc8/v2.36/avr/bin/../lib/gcc/avr/5.4.0/avr5/memx-const\libgcc.a(_udivmodhi4.o)
                0x0000000000002cac                __udivmodhi4

.text.__wrap_sprintf
                0x0000000000002cd4       0x26
 .text.__wrap_sprintf
                0x0000000000002cd4       0x26 c:/program files/microchip/xc8/v2.36/avr/bin/../lib/gcc/avr/5.4.0/../../../../avr/lib/avr5/memx-const\libc.a(__sio_sprintf_f.o)
                0x0000000000002cd4                _sprintf_fFgG
                0x0000000000002cd4                _sprintf_eEfF
                0x0000000000002cd4                _sprintf_eEgG
                0x0000000000002cd4                _sprintf_eE
                0x0000000000002cd4                _sprintf_gG
                0x0000000000002cd4                _sprintf_fF
                0x0000000000002cd4                _sprintf_eEfFgG

.text.DIO_SetPortDirection
                0x0000000000002cfa       0x24
 .text.DIO_SetPortDirection
                0x0000000000002cfa       0x24 MCAL/DIO/DIO.o
                0x0000000000002cfa                DIO_SetPortDirection

.text.EXTI_voidEnable
                0x0000000000002d1e       0x24
 .text.EXTI_voidEnable
                0x0000000000002d1e       0x24 MCAL/EXTI/EXTI_program.o
                0x0000000000002d1e                EXTI_voidEnable

.text.TMR1_voidInit
                0x0000000000002d42       0x24
 .text.TMR1_voidInit
                0x0000000000002d42       0x24 MCAL/TMR1/TMR1_program.o
                0x0000000000002d42                TMR1_voidInit

.text           0x0000000000002d66       0x22
 .text          0x0000000000002d66       0x22 c:/program files/microchip/xc8/v2.36/avr/bin/../lib/gcc/avr/5.4.0/../../../../avr/lib/avr5/memx-const\libm.a(fp_round.o)
                0x0000000000002d66                __fp_round

.text.GLCD_Reset
                0x0000000000002d88       0x1e
 .text.GLCD_Reset
                0x0000000000002d88       0x1e HAL/GLCD/GLCD.o
                0x0000000000002d88                GLCD_Reset

.text.strcpy    0x0000000000002da6       0x1c
 .text.strcpy   0x0000000000002da6       0x1c c:/program files/microchip/xc8/v2.36/avr/bin/../lib/gcc/avr/5.4.0/../../../../avr/lib/avr5/memx-const\libc.a(strcpy.o)
                0x0000000000002da6                strcpy

.text.GLCD_DisplayString
                0x0000000000002dc2       0x1a
 .text.GLCD_DisplayString
                0x0000000000002dc2       0x1a HAL/GLCD/GLCD.o
                0x0000000000002dc2                GLCD_DisplayString

.text.PWM0_voidInit
                0x0000000000002ddc       0x1a
 .text.PWM0_voidInit
                0x0000000000002ddc       0x1a MCAL/PWM0/PWM0_program.o
                0x0000000000002ddc                PWM0_voidInit

.text.libgcc    0x0000000000002df6       0x1a
 .text.libgcc   0x0000000000002df6       0x1a c:/program files/microchip/xc8/v2.36/avr/bin/../lib/gcc/avr/5.4.0/avr5/memx-const\libgcc.a(_movmemx.o)
                0x0000000000002df6                __movmemx_qi
                0x0000000000002df8                __movmemx_hi

.text.libgcc    0x0000000000002e10       0x18
 .text.libgcc   0x0000000000002e10       0x18 c:/program files/microchip/xc8/v2.36/avr/bin/../lib/gcc/avr/5.4.0/avr5/memx-const\libgcc.a(_adddi3_s8.o)
                0x0000000000002e10                __adddi3_s8

.text.__vsprintf
                0x0000000000002e28       0x18
 .text.__vsprintf
                0x0000000000002e28       0x18 c:/program files/microchip/xc8/v2.36/avr/bin/../lib/gcc/avr/5.4.0/../../../../avr/lib/avr5/memx-const\libc.a(__int_vsprintf.o)
                0x0000000000002e28                __vsprintf

.text.libgcc    0x0000000000002e40       0x18
 .text.libgcc   0x0000000000002e40       0x18 c:/program files/microchip/xc8/v2.36/avr/bin/../lib/gcc/avr/5.4.0/avr5/memx-const\libgcc.a(_cmpdi2_s8.o)
                0x0000000000002e40                __cmpdi2_s8

.text.exit      0x0000000000002e58       0x16
 .text.exit     0x0000000000002e58       0x16 c:/program files/microchip/xc8/v2.36/avr/bin/../lib/gcc/avr/5.4.0/../../../../avr/lib/avr5/memx-const\libc.a(exit.o)
                0x0000000000002e58                exit

.text.TMR1_voidStart
                0x0000000000002e6e       0x14
 .text.TMR1_voidStart
                0x0000000000002e6e       0x14 MCAL/TMR1/TMR1_program.o
                0x0000000000002e6e                TMR1_voidStart

.text.DIO_WritePort
                0x0000000000002e82       0x12
 .text.DIO_WritePort
                0x0000000000002e82       0x12 MCAL/DIO/DIO.o
                0x0000000000002e82                DIO_WritePort

.text.libgcc    0x0000000000002e94       0x12
 .text.libgcc   0x0000000000002e94       0x12 c:/program files/microchip/xc8/v2.36/avr/bin/../lib/gcc/avr/5.4.0/avr5/memx-const\libgcc.a(_adddi3.o)
                0x0000000000002e94                __adddi3

.text.memset    0x0000000000002ea6       0x12
 .text.memset   0x0000000000002ea6       0x12 c:/program files/microchip/xc8/v2.36/avr/bin/../lib/gcc/avr/5.4.0/../../../../avr/lib/avr5/memx-const\libc.a(memset.o)
                0x0000000000002ea6                memset

.text.tolower   0x0000000000002eb8       0x10
 .text.tolower  0x0000000000002eb8       0x10 c:/program files/microchip/xc8/v2.36/avr/bin/../lib/gcc/avr/5.4.0/../../../../avr/lib/avr5/memx-const\libc.a(tolower.o)
                0x0000000000002eb8                tolower

.text           0x0000000000002ec8        0xe
 .text          0x0000000000002ec8        0xe c:/program files/microchip/xc8/v2.36/avr/bin/../lib/gcc/avr/5.4.0/../../../../avr/lib/avr5/memx-const\libm.a(fixsfsi.o)
                0x0000000000002ec8                __fixsfsi

.text           0x0000000000002ed6        0xe
 .text          0x0000000000002ed6        0xe c:/program files/microchip/xc8/v2.36/avr/bin/../lib/gcc/avr/5.4.0/../../../../avr/lib/avr5/memx-const\libm.a(fp_pscA.o)
                0x0000000000002ed6                __fp_pscA

.text           0x0000000000002ee4        0xe
 .text          0x0000000000002ee4        0xe c:/program files/microchip/xc8/v2.36/avr/bin/../lib/gcc/avr/5.4.0/../../../../avr/lib/avr5/memx-const\libm.a(fp_pscB.o)
                0x0000000000002ee4                __fp_pscB

.text           0x0000000000002ef2        0xe
 .text          0x0000000000002ef2        0xe c:/program files/microchip/xc8/v2.36/avr/bin/../lib/gcc/avr/5.4.0/../../../../avr/lib/avr5/memx-const\libm.a(fp_zero.o)
                0x0000000000002ef2                __fp_zero
                0x0000000000002ef4                __fp_szero

.text           0x0000000000002f00        0xe
 .text          0x0000000000002f00        0xe c:/program files/microchip/xc8/v2.36/avr/bin/../lib/gcc/avr/5.4.0/../../../../avr/lib/avr5/memx-const\libm.a(addsf3.o)
                0x0000000000002f00                __subsf3
                0x0000000000002f02                __addsf3

.text           0x0000000000002f0e        0xc
 .text          0x0000000000002f0e        0xc c:/program files/microchip/xc8/v2.36/avr/bin/../lib/gcc/avr/5.4.0/../../../../avr/lib/avr5/memx-const\libm.a(fp_inf.o)
                0x0000000000002f0e                __fp_inf

.text.libgcc    0x0000000000002f1a        0xc
 .text.libgcc   0x0000000000002f1a        0xc c:/program files/microchip/xc8/v2.36/avr/bin/../lib/gcc/avr/5.4.0/avr5/memx-const\libgcc.a(_tablejump2.o)
                0x0000000000002f1a                __tablejump2__

.text           0x0000000000002f26        0xa
 .text          0x0000000000002f26        0xa c:/program files/microchip/xc8/v2.36/avr/bin/../lib/gcc/avr/5.4.0/../../../../avr/lib/avr5/memx-const\libm.a(cmpsf2.o)
                0x0000000000002f26                __nesf2
                0x0000000000002f26                __eqsf2
                0x0000000000002f26                __cmpsf2
                0x0000000000002f26                __ltsf2
                0x0000000000002f26                __lesf2

.text           0x0000000000002f30        0xa
 .text          0x0000000000002f30        0xa c:/program files/microchip/xc8/v2.36/avr/bin/../lib/gcc/avr/5.4.0/../../../../avr/lib/avr5/memx-const\libm.a(gesf2.o)
                0x0000000000002f30                __gesf2
                0x0000000000002f30                __gtsf2

.text.GI_voidEnable
                0x0000000000002f3a        0x8
 .text.GI_voidEnable
                0x0000000000002f3a        0x8 MCAL/GI/GI_program.o
                0x0000000000002f3a                GI_voidEnable

.text           0x0000000000002f42        0x8
 .text          0x0000000000002f42        0x8 c:/program files/microchip/xc8/v2.36/avr/bin/../lib/gcc/avr/5.4.0/../../../../avr/lib/avr5/memx-const\libm.a(divsf3.o)
                0x0000000000002f42                __divsf3

.text           0x0000000000002f4a        0x8
 .text          0x0000000000002f4a        0x8 c:/program files/microchip/xc8/v2.36/avr/bin/../lib/gcc/avr/5.4.0/../../../../avr/lib/avr5/memx-const\libm.a(mulsf3.o)
                0x0000000000002f4a                __mulsf3

.text           0x0000000000002f52        0x6
 .text          0x0000000000002f52        0x6 c:/program files/microchip/xc8/v2.36/avr/bin/../lib/gcc/avr/5.4.0/../../../../avr/lib/avr5/memx-const\libm.a(fp_nan.o)
                0x0000000000002f52                __fp_nan

.text.__dummy_fmt3
                0x0000000000002f58        0x6
 .text.__dummy_fmt3
                0x0000000000002f58        0x6 c:/program files/microchip/xc8/v2.36/avr/bin/../lib/gcc/avr/5.4.0/../../../../avr/lib/avr5/memx-const\libc.a(__printf_core.o)
                0x0000000000002f58                __fmt_o
                0x0000000000002f58                __fmt_d
                0x0000000000002f58                __fmt_u

.text.__dummy_fmt4
                0x0000000000002f5e        0x6
 .text.__dummy_fmt4
                0x0000000000002f5e        0x6 c:/program files/microchip/xc8/v2.36/avr/bin/../lib/gcc/avr/5.4.0/../../../../avr/lib/avr5/memx-const\libc.a(__printf_core.o)
                0x0000000000002f5e                __fmt_x
                0x0000000000002f5e                __fmt_a

.text.__dummy_fmts
                0x0000000000002f64        0x6
 .text.__dummy_fmts
                0x0000000000002f64        0x6 c:/program files/microchip/xc8/v2.36/avr/bin/../lib/gcc/avr/5.4.0/../../../../avr/lib/avr5/memx-const\libc.a(__printf_core.o)
                0x0000000000002f64                __fmt_s

.text           0x0000000000002f6a        0x4
 .text          0x0000000000002f6a        0x4 C:/Program Files/Microchip/xc8/v2.36/dfp/xc8/avr/lib/avr5/memx-const/crtatmega32a.o
                0x0000000000002f6a                __vector_12
                0x0000000000002f6a                __bad_interrupt
                0x0000000000002f6a                __vector_6
                0x0000000000002f6a                __vector_3
                0x0000000000002f6a                __vector_11
                0x0000000000002f6a                __vector_13
                0x0000000000002f6a                __vector_17
                0x0000000000002f6a                __vector_19
                0x0000000000002f6a                __vector_7
                0x0000000000002f6a                __vector_5
                0x0000000000002f6a                __vector_4
                0x0000000000002f6a                __vector_2
                0x0000000000002f6a                __vector_15
                0x0000000000002f6a                __vector_8
                0x0000000000002f6a                __vector_14
                0x0000000000002f6a                __vector_10
                0x0000000000002f6a                __vector_16
                0x0000000000002f6a                __vector_18
                0x0000000000002f6a                __vector_20

.text._Exit     0x0000000000002f6e        0x4
 .text._Exit    0x0000000000002f6e        0x4 c:/program files/microchip/xc8/v2.36/avr/bin/../lib/gcc/avr/5.4.0/../../../../avr/lib/avr5/memx-const\libc.a(_Exit.o)
                0x0000000000002f6e                _Exit

.text.__dummy_fini
                0x0000000000002f72        0x2
 .text.__dummy_fini
                0x0000000000002f72        0x2 c:/program files/microchip/xc8/v2.36/avr/bin/../lib/gcc/avr/5.4.0/../../../../avr/lib/avr5/memx-const\libc.a(exit.o)
                0x0000000000002f72                _fini

.text.__dummy_funcs_on_exit
                0x0000000000002f74        0x2
 .text.__dummy_funcs_on_exit
                0x0000000000002f74        0x2 c:/program files/microchip/xc8/v2.36/avr/bin/../lib/gcc/avr/5.4.0/../../../../avr/lib/avr5/memx-const\libc.a(exit.o)
                0x0000000000002f74                __funcs_on_exit

.text.__dummy_simulator_exit
                0x0000000000002f76        0x2
 .text.__dummy_simulator_exit
                0x0000000000002f76        0x2 c:/program files/microchip/xc8/v2.36/avr/bin/../lib/gcc/avr/5.4.0/../../../../avr/lib/avr5/memx-const\libc.a(exit.o)
                0x0000000000002f76                __simulator_exit
